// Jest Snapshot v1, https://goo.gl/fbAQLP

exports[`matches snapshot 1`] = `
<div
  className="css-jws3nn-Demo"
  data-testid="DemoMessage"
>
  Errors
</div>
`;
